
> build
> vite build

[36mvite v7.3.1 [32mbuilding client environment for production...[36m[39m
transforming...
[32m✓[39m 103 modules transformed.
node.exe : [31m✗[39m Build failed in 1.46s
At line:1 char:1
+ & "C:\Program Files\nodejs/node.exe" "C:\Program Files\nodejs/
node_mo ...
+ ~~~~~~~~~~~~~~~~~~~~~~~~~~~~~~~~~~~~~~~~~~~~~~~~~~~~~~~~~~~~~~
~~~~~~~
    + CategoryInfo          : NotSpecified: ([31m✗[39m Build  
   failed in 1.46s:String) [], RemoteException
    + FullyQualifiedErrorId : NativeCommandError
 
[31merror during build:
[31m[vite-plugin-pwa:build] [plugin vite-plugin-pwa:build] Ther
e was an error during the build:
  [vite]: Rollup failed to resolve import "sweetalert2" from "C:
/laragon/www/ERP/resources/js/Pages/Admin/ActivityLogs/Index.vue
".
This is most likely unintended because it can break your applica
tion at runtime.
If you do want to externalize this module explicitly add it to
`build.rollupOptions.external`
Additionally, handling the error in the 'buildEnd' hook caused t
he following error:
  [vite]: Rollup failed to resolve import "sweetalert2" from "C:
/laragon/www/ERP/resources/js/Pages/Admin/ActivityLogs/Index.vue
".
This is most likely unintended because it can break your applica
tion at runtime.
If you do want to externalize this module explicitly add it to
`build.rollupOptions.external`[31m
    at getRollupError (file:///C:/laragon/www/ERP/node_modules/r
ollup/dist/es/shared/parseAst.js:400:41)
    at file:///C:/laragon/www/ERP/node_modules/rollup/dist/es/sh
ared/node-entry.js:23423:39
    at async catchUnfinishedHookActions (file:///C:/laragon/www/
ERP/node_modules/rollup/dist/es/shared/node-entry.js:22881:16)
    at async rollupInternal (file:///C:/laragon/www/ERP/node_mod
ules/rollup/dist/es/shared/node-entry.js:23406:5)
    at async buildEnvironment (file:///C:/laragon/www/ERP/node_m
odules/vite/dist/node/chunks/config.js:33541:12)
    at async Object.build (file:///C:/laragon/www/ERP/node_modul
es/vite/dist/node/chunks/config.js:33900:19)
    at async Object.buildApp (file:///C:/laragon/www/ERP/node_mo
dules/vite/dist/node/chunks/config.js:33897:153)
    at async CAC.<anonymous> (file:///C:/laragon/www/ERP/node_mo
dules/vite/dist/node/cli.js:629:3)[39m
